vecuser@ubuntu:~$ start-all.sh
This script is Deprecated. Instead use start-dfs.sh and start-yarn.sh
Java HotSpot(TM) Client VM warning: You have loaded library /usr/local/hadoop-2.7.7/lib/native/libhadoop.so.1.0.0 which might have disabled stack guard. The VM will try to fix the stack guard now.
It's highly recommended that you fix the library with 'execstack -c <libfile>', or link it with '-z noexecstack'.
20/03/10 04:06:03 WARN util.NativeCodeLoader: Unable to load native-hadoop library for your platform... using builtin-java classes where applicable
Starting namenodes on [localhost]
vecuser@localhost's password: 
localhost: starting namenode, logging to /usr/local/hadoop-2.7.7/logs/hadoop-vecuser-namenode-ubuntu.out
vecuser@localhost's password: 
localhost: starting datanode, logging to /usr/local/hadoop-2.7.7/logs/hadoop-vecuser-datanode-ubuntu.out
Starting secondary namenodes [0.0.0.0]
vecuser@0.0.0.0's password: 
0.0.0.0: starting secondarynamenode, logging to /usr/local/hadoop-2.7.7/logs/hadoop-vecuser-secondarynamenode-ubuntu.out
Java HotSpot(TM) Client VM warning: You have loaded library /usr/local/hadoop-2.7.7/lib/native/libhadoop.so.1.0.0 which might have disabled stack guard. The VM will try to fix the stack guard now.
It's highly recommended that you fix the library with 'execstack -c <libfile>', or link it with '-z noexecstack'.
20/03/10 04:07:10 WARN util.NativeCodeLoader: Unable to load native-hadoop library for your platform... using builtin-java classes where applicable
starting yarn daemons
starting resourcemanager, logging to /usr/local/hadoop/logs/yarn-vecuser-resourcemanager-ubuntu.out
vecuser@localhost's password: 
localhost: starting nodemanager, logging to /usr/local/hadoop-2.7.7/logs/yarn-vecuser-nodemanager-ubuntu.out
vecuser@ubuntu:~$ jps
8371 DataNode
8983 Jps
8936 NodeManager
2697 
8811 ResourceManager
8557 SecondaryNameNode
8255 NameNode
vecuser@ubuntu:~$ hadoop fs -mkdir /WordCount
Java HotSpot(TM) Client VM warning: You have loaded library /usr/local/hadoop-2.7.7/lib/native/libhadoop.so.1.0.0 which might have disabled stack guard. The VM will try to fix the stack guard now.
It's highly recommended that you fix the library with 'execstack -c <libfile>', or link it with '-z noexecstack'.
20/03/10 04:08:05 WARN util.NativeCodeLoader: Unable to load native-hadoop library for your platform... using builtin-java classes where applicable
vecuser@ubuntu:~$ hadoop fs -mkdir /WordCount/Input
Java HotSpot(TM) Client VM warning: You have loaded library /usr/local/hadoop-2.7.7/lib/native/libhadoop.so.1.0.0 which might have disabled stack guard. The VM will try to fix the stack guard now.
It's highly recommended that you fix the library with 'execstack -c <libfile>', or link it with '-z noexecstack'.
20/03/10 04:08:57 WARN util.NativeCodeLoader: Unable to load native-hadoop library for your platform... using builtin-java classes where applicable
vecuser@ubuntu:~$ hadoop fs -put '/home/vecuser/eclipse-workspace/Girija/WordCount/Input/Input.txt' /WordCount/Input
Java HotSpot(TM) Client VM warning: You have loaded library /usr/local/hadoop-2.7.7/lib/native/libhadoop.so.1.0.0 which might have disabled stack guard. The VM will try to fix the stack guard now.
It's highly recommended that you fix the library with 'execstack -c <libfile>', or link it with '-z noexecstack'.
20/03/10 04:10:40 WARN util.NativeCodeLoader: Unable to load native-hadoop library for your platform... using builtin-java classes where applicable
vecuser@ubuntu:~$ hadoop jar '/home/vecuser/eclipse-workspace/Girija/WordCount/WordCount.jar' WordCount.WordCount /WordCount/Input/Input.txt /WordCount/Output
Java HotSpot(TM) Client VM warning: You have loaded library /usr/local/hadoop-2.7.7/lib/native/libhadoop.so.1.0.0 which might have disabled stack guard. The VM will try to fix the stack guard now.
It's highly recommended that you fix the library with 'execstack -c <libfile>', or link it with '-z noexecstack'.
20/03/10 04:14:11 WARN util.NativeCodeLoader: Unable to load native-hadoop library for your platform... using builtin-java classes where applicable
20/03/10 04:14:16 INFO client.RMProxy: Connecting to ResourceManager at /0.0.0.0:8032
20/03/10 04:14:20 WARN mapreduce.JobResourceUploader: Hadoop command-line option parsing not performed. Implement the Tool interface and execute your application with ToolRunner to remedy this.
20/03/10 04:14:22 INFO input.FileInputFormat: Total input paths to process : 1
20/03/10 04:14:22 INFO mapreduce.JobSubmitter: number of splits:1
20/03/10 04:14:24 INFO mapreduce.JobSubmitter: Submitting tokens for job: job_1583838447825_0001
20/03/10 04:14:26 INFO impl.YarnClientImpl: Submitted application application_1583838447825_0001
20/03/10 04:14:27 INFO mapreduce.Job: The url to track the job: http://ubuntu:8088/proxy/application_1583838447825_0001/
20/03/10 04:14:27 INFO mapreduce.Job: Running job: job_1583838447825_0001
20/03/10 04:15:22 INFO mapreduce.Job: Job job_1583838447825_0001 running in uber mode : false
20/03/10 04:15:22 INFO mapreduce.Job:  map 0% reduce 0%
20/03/10 04:15:49 INFO mapreduce.Job:  map 100% reduce 0%
20/03/10 04:16:17 INFO mapreduce.Job:  map 100% reduce 100%
20/03/10 04:16:19 INFO mapreduce.Job: Job job_1583838447825_0001 completed successfully
20/03/10 04:16:20 INFO mapreduce.Job: Counters: 49
	File System Counters
		FILE: Number of bytes read=588
		FILE: Number of bytes written=246271
		FILE: Number of read operations=0
		FILE: Number of large read operations=0
		FILE: Number of write operations=0
		HDFS: Number of bytes read=456
		HDFS: Number of bytes written=390
		HDFS: Number of read operations=6
		HDFS: Number of large read operations=0
		HDFS: Number of write operations=2
	Job Counters 
		Launched map tasks=1
		Launched reduce tasks=1
		Data-local map tasks=1
		Total time spent by all maps in occupied slots (ms)=24731
		Total time spent by all reduces in occupied slots (ms)=24652
		Total time spent by all map tasks (ms)=24731
		Total time spent by all reduce tasks (ms)=24652
		Total vcore-milliseconds taken by all map tasks=24731
		Total vcore-milliseconds taken by all reduce tasks=24652
		Total megabyte-milliseconds taken by all map tasks=25324544
		Total megabyte-milliseconds taken by all reduce tasks=25243648
	Map-Reduce Framework
		Map input records=8
		Map output records=59
		Map output bytes=579
		Map output materialized bytes=588
		Input split bytes=112
		Combine input records=59
		Combine output records=48
		Reduce input groups=48
		Reduce shuffle bytes=588
		Reduce input records=48
		Reduce output records=48
		Spilled Records=96
		Shuffled Maps =1
		Failed Shuffles=0
		Merged Map outputs=1
		GC time elapsed (ms)=960
		CPU time spent (ms)=3920
		Physical memory (bytes) snapshot=250445824
		Virtual memory (bytes) snapshot=652558336
		Total committed heap usage (bytes)=137498624
	Shuffle Errors
		BAD_ID=0
		CONNECTION=0
		IO_ERROR=0
		WRONG_LENGTH=0
		WRONG_MAP=0
		WRONG_REDUCE=0
	File Input Format Counters 
		Bytes Read=344
	File Output Format Counters 
		Bytes Written=390
vecuser@ubuntu:~$ hadoop fs -cat /WordCount/Output/part-r-00000
Java HotSpot(TM) Client VM warning: You have loaded library /usr/local/hadoop-2.7.7/lib/native/libhadoop.so.1.0.0 which might have disabled stack guard. The VM will try to fix the stack guard now.
It's highly recommended that you fix the library with 'execstack -c <libfile>', or link it with '-z noexecstack'.
20/03/10 04:20:41 WARN util.NativeCodeLoader: Unable to load native-hadoop library for your platform... using builtin-java classes where applicable
The	1
Then	1
Today	1
We	1
about	1
apply	1
are	3
be	1
bye.	1
college	1
computer	1
concept	1
count	1
department	1
each	1
ends	1
engineering	1
file	2
from	1
gonna	1
here	1
hi	1
how	1
in	1
knowlege	1
learn	1
mapreduce	2
occurrences	1
of	2
our	1
output	1
printed	1
process	1
program	1
programming	1
science	1
should	1
so	1
text	2
the	4
to	2
today	1
velammal	1
we	2
welcome	1
will	1
word	1
you	1
vecuser@ubuntu:~$ 

